
Allocating common symbols
Common symbol       size              file

intr_name           0x84              build/interrupt.o
idt_table           0x84              build/interrupt.o

Discarded input sections

 .note.GNU-stack
                0x0000000000000000        0x0 build/main.o
 .note.GNU-stack
                0x0000000000000000        0x0 build/init.o
 .note.GNU-stack
                0x0000000000000000        0x0 build/interrupt.o
 .note.GNU-stack
                0x0000000000000000        0x0 build/timer.o
 .note.GNU-stack
                0x0000000000000000        0x0 build/debug.o

Memory Configuration

Name             Origin             Length             Attributes
*default*        0x0000000000000000 0xffffffffffffffff

Linker script and memory map

Address of section .text set to 0xc0001500
LOAD build/main.o
LOAD build/init.o
LOAD build/interrupt.o
LOAD build/timer.o
LOAD build/kerneal.o
LOAD build/print.o
LOAD build/debug.o
                [!provide]                        PROVIDE (__executable_start, 0x8048000)
                0x0000000008048094                . = (0x8048000 + SIZEOF_HEADERS)

.interp
 *(.interp)

.note.gnu.build-id
 *(.note.gnu.build-id)

.hash
 *(.hash)

.gnu.hash
 *(.gnu.hash)

.dynsym
 *(.dynsym)

.dynstr
 *(.dynstr)

.gnu.version
 *(.gnu.version)

.gnu.version_d
 *(.gnu.version_d)

.gnu.version_r
 *(.gnu.version_r)

.rel.dyn        0x0000000008048094        0x0
 *(.rel.init)
 *(.rel.text .rel.text.* .rel.gnu.linkonce.t.*)
 .rel.text      0x0000000008048094        0x0 build/main.o
 *(.rel.fini)
 *(.rel.rodata .rel.rodata.* .rel.gnu.linkonce.r.*)
 *(.rel.data.rel.ro .rel.data.rel.ro.* .rel.gnu.linkonce.d.rel.ro.*)
 *(.rel.data .rel.data.* .rel.gnu.linkonce.d.*)
 *(.rel.tdata .rel.tdata.* .rel.gnu.linkonce.td.*)
 *(.rel.tbss .rel.tbss.* .rel.gnu.linkonce.tb.*)
 *(.rel.ctors)
 *(.rel.dtors)
 *(.rel.got)
 *(.rel.bss .rel.bss.* .rel.gnu.linkonce.b.*)
 *(.rel.ifunc)

.rel.plt        0x0000000008048094        0x0
 *(.rel.plt)
                [!provide]                        PROVIDE (__rel_iplt_start, .)
 *(.rel.iplt)
 .rel.iplt      0x0000000008048094        0x0 build/main.o
                [!provide]                        PROVIDE (__rel_iplt_end, .)

.init
 *(SORT(.init))

.plt            0x00000000080480a0        0x0
 *(.plt)
 *(.iplt)
 .iplt          0x00000000080480a0        0x0 build/main.o

.plt.got
 *(.plt.got)

.text           0x00000000c0001500      0xad2
 *(.text.unlikely .text.*_unlikely .text.unlikely.*)
 *(.text.exit .text.exit.*)
 *(.text.startup .text.startup.*)
 *(.text.hot .text.hot.*)
 *(.text .stub .text.* .gnu.linkonce.t.*)
 .text          0x00000000c0001500       0x46 build/main.o
                0x00000000c0001500                main
 .text          0x00000000c0001546       0x23 build/init.o
                0x00000000c0001546                init_all
 .text          0x00000000c0001569      0x381 build/interrupt.o
                0x00000000c0001802                idt_init
                0x00000000c0001856                intr_enable
                0x00000000c000187f                intr_disable
                0x00000000c00018a8                intr_set_status
                0x00000000c00018c6                intr_get_status
 .text          0x00000000c00018ea       0xdb build/timer.o
                0x00000000c0001984                timer_init
 *fill*         0x00000000c00019c5        0xb 
 .text          0x00000000c00019d0      0x393 build/kerneal.o
                0x00000000c00019d0                intr_exit
 *fill*         0x00000000c0001d63        0xd 
 .text          0x00000000c0001d70      0x198 build/print.o
                0x00000000c0001d70                put_char
                0x00000000c0001e3d                set_cursor
                0x00000000c0001e63                clean_screen
                0x00000000c0001e87                put_str
                0x00000000c0001ea5                put_int
 .text          0x00000000c0001f08       0xca build/debug.o
                0x00000000c0001f08                panic_spin
 *(.gnu.warning)

.fini
 *(SORT(.fini))
                [!provide]                        PROVIDE (__etext, .)
                [!provide]                        PROVIDE (_etext, .)
                [!provide]                        PROVIDE (etext, .)

.rodata         0x00000000c0001fd4      0x2f5
 *(.rodata .rodata.* .gnu.linkonce.r.*)
 .rodata        0x00000000c0001fd4       0x29 build/main.o
 .rodata        0x00000000c0001ffd        0xa build/init.o
 *fill*         0x00000000c0002007        0x1 
 .rodata        0x00000000c0002008      0x262 build/interrupt.o
 .rodata        0x00000000c000226a       0x24 build/timer.o
 .rodata        0x00000000c000228e       0x3b build/debug.o

.rodata1
 *(.rodata1)

.eh_frame_hdr
 *(.eh_frame_hdr)
 *(.eh_frame_entry .eh_frame_entry.*)

.eh_frame       0x00000000c00022cc      0x240
 *(.eh_frame)
 .eh_frame      0x00000000c00022cc       0x3c build/main.o
 .eh_frame      0x00000000c0002308       0x20 build/init.o
                                         0x38 (size before relaxing)
 .eh_frame      0x00000000c0002328      0x160 build/interrupt.o
                                        0x178 (size before relaxing)
 .eh_frame      0x00000000c0002488       0x68 build/timer.o
                                         0x80 (size before relaxing)
 .eh_frame      0x00000000c00024f0       0x1c build/debug.o
                                         0x34 (size before relaxing)
 *(.eh_frame.*)

.gcc_except_table
 *(.gcc_except_table .gcc_except_table.*)

.gnu_extab
 *(.gnu_extab*)

.exception_ranges
 *(.exception_ranges .exception_ranges*)
                0x00000000c000350c                . = DATA_SEGMENT_ALIGN (0x1000, 0x1000)

.eh_frame
 *(.eh_frame)
 *(.eh_frame.*)

.gnu_extab
 *(.gnu_extab)

.gcc_except_table
 *(.gcc_except_table .gcc_except_table.*)

.exception_ranges
 *(.exception_ranges .exception_ranges*)

.tdata
 *(.tdata .tdata.* .gnu.linkonce.td.*)

.tbss
 *(.tbss .tbss.* .gnu.linkonce.tb.*)
 *(.tcommon)

.preinit_array  0x00000000c000350c        0x0
                [!provide]                        PROVIDE (__preinit_array_start, .)
 *(.preinit_array)
                [!provide]                        PROVIDE (__preinit_array_end, .)

.init_array     0x00000000c000350c        0x0
                [!provide]                        PROVIDE (__init_array_start, .)
 *(SORT(.init_array.*) SORT(.ctors.*))
 *(.init_array EXCLUDE_FILE(*crtend?.o *crtend.o *crtbegin?.o *crtbegin.o) .ctors)
                [!provide]                        PROVIDE (__init_array_end, .)

.fini_array     0x00000000c000350c        0x0
                [!provide]                        PROVIDE (__fini_array_start, .)
 *(SORT(.fini_array.*) SORT(.dtors.*))
 *(.fini_array EXCLUDE_FILE(*crtend?.o *crtend.o *crtbegin?.o *crtbegin.o) .dtors)
                [!provide]                        PROVIDE (__fini_array_end, .)

.ctors
 *crtbegin.o(.ctors)
 *crtbegin?.o(.ctors)
 *(EXCLUDE_FILE(*crtend?.o *crtend.o) .ctors)
 *(SORT(.ctors.*))
 *(.ctors)

.dtors
 *crtbegin.o(.dtors)
 *crtbegin?.o(.dtors)
 *(EXCLUDE_FILE(*crtend?.o *crtend.o) .dtors)
 *(SORT(.dtors.*))
 *(.dtors)

.jcr
 *(.jcr)

.data.rel.ro
 *(.data.rel.ro.local* .gnu.linkonce.d.rel.ro.local.*)
 *(.data.rel.ro .data.rel.ro.* .gnu.linkonce.d.rel.ro.*)

.dynamic
 *(.dynamic)

.got
 *(.got)
 *(.igot)
                0x00000000c000350c                . = DATA_SEGMENT_RELRO_END (., (SIZEOF (.got.plt) >= 0xc)?0xc:0x0)

.got.plt        0x00000000c000350c        0x0
 *(.got.plt)
 *(.igot.plt)
 .igot.plt      0x00000000c000350c        0x0 build/main.o

.data           0x00000000c000350c       0x8c
 *(.data .data.* .gnu.linkonce.d.*)
 .data          0x00000000c000350c        0x0 build/main.o
 .data          0x00000000c000350c        0x0 build/init.o
 .data          0x00000000c000350c        0x0 build/interrupt.o
 .data          0x00000000c000350c        0x0 build/timer.o
 .data          0x00000000c000350c       0x84 build/kerneal.o
                0x00000000c000350c                intr_entry_table
 .data          0x00000000c0003590        0x8 build/print.o
 .data          0x00000000c0003598        0x0 build/debug.o

.data1
 *(.data1)
                0x00000000c0003598                _edata = .
                [!provide]                        PROVIDE (edata, .)
                0x00000000c0003598                . = .
                0x00000000c0003598                __bss_start = .

.bss            0x00000000c00035a0      0x244
 *(.dynbss)
 *(.bss .bss.* .gnu.linkonce.b.*)
 .bss           0x00000000c00035a0        0x0 build/main.o
 .bss           0x00000000c00035a0        0x0 build/init.o
 .bss           0x00000000c00035a0      0x108 build/interrupt.o
 .bss           0x00000000c00036a8        0x0 build/timer.o
 .bss           0x00000000c00036a8        0x0 build/debug.o
 *(COMMON)
 *fill*         0x00000000c00036a8       0x18 
 COMMON         0x00000000c00036c0      0x124 build/interrupt.o
                0x00000000c00036c0                intr_name
                0x00000000c0003760                idt_table
                0x00000000c00037e4                . = ALIGN ((. != 0x0)?0x4:0x1)
                0x00000000c00037e4                . = ALIGN (0x4)
                0x00000000c00037e4                . = SEGMENT_START ("ldata-segment", .)
                0x00000000c00037e4                . = ALIGN (0x4)
                0x00000000c00037e4                _end = .
                [!provide]                        PROVIDE (end, .)
                0x00000000c00037e4                . = DATA_SEGMENT_END (.)

.stab
 *(.stab)

.stabstr
 *(.stabstr)

.stab.excl
 *(.stab.excl)

.stab.exclstr
 *(.stab.exclstr)

.stab.index
 *(.stab.index)

.stab.indexstr
 *(.stab.indexstr)

.comment        0x0000000000000000       0x34
 *(.comment)
 .comment       0x0000000000000000       0x34 build/main.o
                                         0x35 (size before relaxing)
 .comment       0x0000000000000034       0x35 build/init.o
 .comment       0x0000000000000034       0x35 build/interrupt.o
 .comment       0x0000000000000034       0x35 build/timer.o
 .comment       0x0000000000000034       0x35 build/debug.o

.debug
 *(.debug)

.line
 *(.line)

.debug_srcinfo
 *(.debug_srcinfo)

.debug_sfnames
 *(.debug_sfnames)

.debug_aranges
 *(.debug_aranges)

.debug_pubnames
 *(.debug_pubnames)

.debug_info
 *(.debug_info .gnu.linkonce.wi.*)

.debug_abbrev
 *(.debug_abbrev)

.debug_line
 *(.debug_line .debug_line.* .debug_line_end)

.debug_frame
 *(.debug_frame)

.debug_str
 *(.debug_str)

.debug_loc
 *(.debug_loc)

.debug_macinfo
 *(.debug_macinfo)

.debug_weaknames
 *(.debug_weaknames)

.debug_funcnames
 *(.debug_funcnames)

.debug_typenames
 *(.debug_typenames)

.debug_varnames
 *(.debug_varnames)

.debug_pubtypes
 *(.debug_pubtypes)

.debug_ranges
 *(.debug_ranges)

.debug_macro
 *(.debug_macro)

.gnu.attributes
 *(.gnu.attributes)

/DISCARD/
 *(.note.GNU-stack)
 *(.gnu_debuglink)
 *(.gnu.lto_*)
OUTPUT(build/kerneal.bin elf32-i386)
